     1                                  bits 32
     2                                  global start
     3                                  extern exit
     4                                  import exit msvcrt.dll
     5                                  
     6                                  segment data use32 class=data
     7 00000000 02040507                    A db 2, 4, 5, 7
     8                                      lenA equ $ - A
     9 00000004 0000<rept>                  B times (lenA - 1) dw 0
    10                                  
    11                                  segment code use32 class=code
    12                                  start:
    13 00000000 B904000000                  mov ecx, lenA       
    14 00000005 49                          dec ecx             
    15 00000006 E325                        jecxz final         
    16                                  
    17 00000008 BE00000000                  mov esi, 0          
    18 0000000D BF00000000                  mov edi, 0          
    19                                  
    20                                  my_loop:
    21 00000012 8A86[00000000]              mov al, [A + esi]
    22 00000018 8A9E[01000000]              mov bl, [A + esi + 1] 
    23 0000001E F6E3                        mul bl 
    24 00000020 668987[04000000]            mov [B + edi], ax
    25 00000027 46                          inc esi             
    26 00000028 83C702                      add edi, 2          
    27                                      
    28 0000002B E2E5                        loop my_loop       
    29                                  
    30                                  final:
    31 0000002D 6A00                        push dword 0
    32 0000002F FF15[00000000]              call [exit]
