     1                                  bits 32
     2                                  global start
     3                                  extern exit
     4                                  import exit msvcrt.dll
     5                                  
     6                                  segment data use32 class=data
     7 00000000 785634124D3C2B1A            S dd 12345678h, 1a2b3c4dh
     8                                      
     9                                      len equ ($ - S) / 4
    10                                      
    11 00000008 00<rept>                    D times len db 0
    12                                  
    13                                  segment code use32 class=code
    14                                  start:
    15 00000000 B902000000                  mov ecx, len       
    16 00000005 E31C                        jecxz end_program  
    17                                  
    18 00000007 BE00000000                  mov esi, 0         
    19 0000000C BF00000000                  mov edi, 0         
    20                                  
    21                                  my_loop:
    22 00000011 8B86[00000000]              mov eax, [S + esi] 
    23                                                         
    24 00000017 8887[08000000]              mov [D + edi], al  
    25                                  
    26 0000001D 83C604                      add esi, 4         
    27 00000020 47                          inc edi            
    28                                  
    29 00000021 E2EE                        loop my_loop       
    30                                  
    31                                  end_program:
    32 00000023 6A00                        push dword 0
    33 00000025 FF15[00000000]              call [exit]
